// Jest Snapshot v1, https://goo.gl/fbAQLP

exports[`SignIn screen should return correctly 1`] = `
<RCTSafeAreaView
  emulateUnlessSupported={true}
  style={
    Object {
      "backgroundColor": "white",
    }
  }
>
  <View
    style={
      Object {
        "backgroundColor": "white",
        "height": "100%",
      }
    }
    testID="memberTimeDetails:sectionList"
  >
    <RCTScrollView
      data={
        Array [
          Object {
            "data": Array [],
            "title": "jeremy",
          },
        ]
      }
      getItem={[Function]}
      getItemCount={[Function]}
      keyExtractor={[Function]}
      onContentSizeChange={[Function]}
      onLayout={[Function]}
      onMomentumScrollBegin={[Function]}
      onMomentumScrollEnd={[Function]}
      onScroll={[Function]}
      onScrollBeginDrag={[Function]}
      onScrollEndDrag={[Function]}
      renderItem={[Function]}
      scrollEventThrottle={50}
      stickyHeaderIndices={
        Array [
          0,
        ]
      }
    >
      <View>
        <View
          onLayout={[Function]}
          style={null}
        >
          <View
            style={
              Object {
                "backgroundColor": "white",
                "width": "100%",
              }
            }
          >
            <Text
              style={
                Object {
                  "alignSelf": "center",
                  "fontSize": 25,
                  "fontWeight": "800",
                }
              }
            >
              jeremy
            </Text>
          </View>
        </View>
        <View
          onLayout={[Function]}
          style={null}
        />
      </View>
    </RCTScrollView>
  </View>
  <View
    style={
      Object {
        "backgroundColor": "white",
        "bottom": 150,
        "flexDirection": "row",
        "height": "10%",
        "justifyContent": "space-evenly",
      }
    }
  >
    <View
      accessible={true}
      collapsable={false}
      focusable={true}
      onClick={[Function]}
      onResponderGrant={[Function]}
      onResponderMove={[Function]}
      onResponderRelease={[Function]}
      onResponderTerminate={[Function]}
      onResponderTerminationRequest={[Function]}
      onStartShouldSetResponder={[Function]}
      style={
        Object {
          "alignItems": "center",
          "alignSelf": "center",
          "backgroundColor": "purple",
          "borderRadius": 25,
          "height": 50,
          "justifyContent": "center",
          "opacity": 1,
          "width": 100,
        }
      }
      testID="memberTimeDetails:goBack:button"
    >
      <Text
        style={
          Object {
            "color": "white",
          }
        }
      >
        Go Back
      </Text>
    </View>
    <View
      accessible={true}
      collapsable={false}
      focusable={true}
      onClick={[Function]}
      onResponderGrant={[Function]}
      onResponderMove={[Function]}
      onResponderRelease={[Function]}
      onResponderTerminate={[Function]}
      onResponderTerminationRequest={[Function]}
      onStartShouldSetResponder={[Function]}
      style={
        Object {
          "alignItems": "center",
          "alignSelf": "center",
          "backgroundColor": "purple",
          "borderRadius": 25,
          "height": 50,
          "justifyContent": "center",
          "opacity": 1,
          "width": 100,
        }
      }
      testID="memberTimeDetails:signOut:button"
    >
      <Text
        style={
          Object {
            "color": "white",
          }
        }
      >
        Sign Out
      </Text>
    </View>
  </View>
</RCTSafeAreaView>
`;
